{"status": "running", "runtime_completed": 72, "judge_completed": 0, "judge_scored": 0, "runtime_failed": 11, "elapsed_seconds": 40.6148316860199}
{"status": "running", "runtime_completed": 72, "judge_completed": 0, "judge_scored": 0, "runtime_failed": 11, "elapsed_seconds": 45.622257709503174}
{"status": "running", "runtime_completed": 72, "judge_completed": 5, "judge_scored": 5, "runtime_failed": 11, "elapsed_seconds": 50.62327194213867}
{"status": "running", "runtime_completed": 72, "judge_completed": 13, "judge_scored": 13, "runtime_failed": 11, "elapsed_seconds": 55.623936891555786}
{"status": "running", "runtime_completed": 72, "judge_completed": 23, "judge_scored": 22, "runtime_failed": 11, "elapsed_seconds": 60.636154890060425}
{"status": "running", "runtime_completed": 72, "judge_completed": 31, "judge_scored": 30, "runtime_failed": 11, "elapsed_seconds": 65.63728666305542}
{"status": "running", "runtime_completed": 72, "judge_completed": 39, "judge_scored": 38, "runtime_failed": 11, "elapsed_seconds": 70.64262509346008}
{"status": "running", "runtime_completed": 72, "judge_completed": 44, "judge_scored": 43, "runtime_failed": 11, "elapsed_seconds": 75.64337754249573}
{"status": "running", "runtime_completed": 72, "judge_completed": 49, "judge_scored": 48, "runtime_failed": 11, "elapsed_seconds": 80.64439344406128}
{"status": "running", "runtime_completed": 72, "judge_completed": 54, "judge_scored": 53, "runtime_failed": 11, "elapsed_seconds": 85.64504981040955}
{"status": "running", "runtime_completed": 72, "judge_completed": 57, "judge_scored": 56, "runtime_failed": 11, "elapsed_seconds": 90.64587140083313}
{"status": "running", "runtime_completed": 72, "judge_completed": 59, "judge_scored": 58, "runtime_failed": 11, "elapsed_seconds": 95.65331315994263}
{"status": "running", "runtime_completed": 72, "judge_completed": 63, "judge_scored": 62, "runtime_failed": 11, "elapsed_seconds": 100.66379141807556}
{"status": "running", "runtime_completed": 72, "judge_completed": 67, "judge_scored": 66, "runtime_failed": 11, "elapsed_seconds": 105.66961169242859}
{"status": "running", "runtime_completed": 72, "judge_completed": 68, "judge_scored": 67, "runtime_failed": 11, "elapsed_seconds": 110.67130088806152}
{"status": "running", "runtime_completed": 72, "judge_completed": 70, "judge_scored": 69, "runtime_failed": 11, "elapsed_seconds": 115.68122601509094}
{"status": "running", "runtime_completed": 72, "judge_completed": 71, "judge_scored": 70, "runtime_failed": 11, "elapsed_seconds": 120.69556188583374}
{
  "status": "completed_with_failures",
  "pid": 22439,
  "started_at": 1789200337.6937048,
  "updated_at": 1789200463.7292962,
  "elapsed_seconds": 126.03559160232544,
  "mode": "judge_only",
  "judge_stage": "enabled",
  "inherited_runtime_results": 72,
  "new_experiment_model_calls": 0,
  "lanes": 24,
  "expected_servers": 24,
  "server_restarts": 0,
  "assigned": 72,
  "runtime_completed": 72,
  "runtime_failed": 11,
  "judge_completed": 72,
  "judge_scored": 71,
  "known_internal_tokens": 1071366,
  "known_judge_tokens": 365931,
  "active": {},
  "slots": [
    {
      "lane": 0,
      "role": "validation",
      "pid": 22541,
      "alive": false,
      "healthy": true,
      "calls": 1,
      "contexts_released": 2
    },
    {
      "lane": 1,
      "role": "validation",
      "pid": 22539,
      "alive": false,
      "healthy": true,
      "calls": 2,
      "contexts_released": 3
    },
    {
      "lane": 2,
      "role": "validation",
      "pid": 22543,
      "alive": false,
      "healthy": true,
      "calls": 6,
      "contexts_released": 7
    },
    {
      "lane": 3,
      "role": "validation",
      "pid": 22550,
      "alive": false,
      "healthy": true,
      "calls": 6,
      "contexts_released": 7
    },
    {
      "lane": 4,
      "role": "validation",
      "pid": 22549,
      "alive": false,
      "healthy": true,
      "calls": 1,
      "contexts_released": 2
    },
    {
      "lane": 5,
      "role": "validation",
      "pid": 22554,
      "alive": false,
      "healthy": true,
      "calls": 6,
      "contexts_released": 7
    },
    {
      "lane": 6,
      "role": "validation",
      "pid": 22553,
      "alive": false,
      "healthy": true,
      "calls": 3,
      "contexts_released": 4
    },
    {
      "lane": 7,
      "role": "validation",
      "pid": 22562,
      "alive": false,
      "healthy": true,
      "calls": 2,
      "contexts_released": 3
    },
    {
      "lane": 8,
      "role": "validation",
      "pid": 22793,
      "alive": false,
      "healthy": true,
      "calls": 1,
      "contexts_released": 2
    },
    {
      "lane": 9,
      "role": "validation",
      "pid": 22838,
      "alive": false,
      "healthy": true,
      "calls": 5,
      "contexts_released": 6
    },
    {
      "lane": 10,
      "role": "validation",
      "pid": 22802,
      "alive": false,
      "healthy": true,
      "calls": 3,
      "contexts_released": 4
    },
    {
      "lane": 11,
      "role": "validation",
      "pid": 22801,
      "alive": false,
      "healthy": true,
      "calls": 4,
      "contexts_released": 5
    },
    {
      "lane": 12,
      "role": "validation",
      "pid": 22848,
      "alive": false,
      "healthy": true,
      "calls": 3,
      "contexts_released": 4
    },
    {
      "lane": 13,
      "role": "validation",
      "pid": 22847,
      "alive": false,
      "healthy": true,
      "calls": 1,
      "contexts_released": 2
    },
    {
      "lane": 14,
      "role": "validation",
      "pid": 22810,
      "alive": false,
      "healthy": true,
      "calls": 2,
      "contexts_released": 3
    },
    {
      "lane": 15,
      "role": "validation",
      "pid": 22841,
      "alive": false,
      "healthy": true,
      "calls": 4,
      "contexts_released": 5
    },
    {
      "lane": 16,
      "role": "validation",
      "pid": 22999,
      "alive": false,
      "healthy": true,
      "calls": 4,
      "contexts_released": 5
    },
    {
      "lane": 17,
      "role": "validation",
      "pid": 23001,
      "alive": false,
      "healthy": true,
      "calls": 3,
      "contexts_released": 4
    },
    {
      "lane": 18,
      "role": "validation",
      "pid": 23043,
      "alive": false,
      "healthy": true,
      "calls": 1,
      "contexts_released": 2
    },
    {
      "lane": 19,
      "role": "validation",
      "pid": 23055,
      "alive": false,
      "healthy": true,
      "calls": 2,
      "contexts_released": 3
    },
    {
      "lane": 20,
      "role": "validation",
      "pid": 23061,
      "alive": false,
      "healthy": true,
      "calls": 5,
      "contexts_released": 6
    },
    {
      "lane": 21,
      "role": "validation",
      "pid": 23104,
      "alive": false,
      "healthy": true,
      "calls": 1,
      "contexts_released": 2
    },
    {
      "lane": 22,
      "role": "validation",
      "pid": 23141,
      "alive": false,
      "healthy": true,
      "calls": 5,
      "contexts_released": 6
    },
    {
      "lane": 23,
      "role": "validation",
      "pid": 23143,
      "alive": false,
      "healthy": true,
      "calls": 1,
      "contexts_released": 2
    }
  ],
  "stop_reason": null
}
