{"status": "running", "runtime_completed": 72, "judge_completed": 0, "judge_scored": 0, "runtime_failed": 11, "elapsed_seconds": 33.87383675575256}
{"status": "running", "runtime_completed": 72, "judge_completed": 0, "judge_scored": 0, "runtime_failed": 11, "elapsed_seconds": 38.877891302108765}
{"status": "running", "runtime_completed": 72, "judge_completed": 2, "judge_scored": 2, "runtime_failed": 11, "elapsed_seconds": 43.87882900238037}
{"status": "running", "runtime_completed": 72, "judge_completed": 15, "judge_scored": 15, "runtime_failed": 11, "elapsed_seconds": 48.879568099975586}
{"status": "running", "runtime_completed": 72, "judge_completed": 21, "judge_scored": 21, "runtime_failed": 11, "elapsed_seconds": 53.88072752952576}
{"status": "running", "runtime_completed": 72, "judge_completed": 30, "judge_scored": 30, "runtime_failed": 11, "elapsed_seconds": 58.88231182098389}
{"status": "running", "runtime_completed": 72, "judge_completed": 34, "judge_scored": 34, "runtime_failed": 11, "elapsed_seconds": 63.88306283950806}
{"status": "running", "runtime_completed": 72, "judge_completed": 42, "judge_scored": 42, "runtime_failed": 11, "elapsed_seconds": 68.89186334609985}
{"status": "running", "runtime_completed": 72, "judge_completed": 46, "judge_scored": 46, "runtime_failed": 11, "elapsed_seconds": 73.89291310310364}
{"status": "running", "runtime_completed": 72, "judge_completed": 50, "judge_scored": 50, "runtime_failed": 11, "elapsed_seconds": 78.89962792396545}
{"status": "running", "runtime_completed": 72, "judge_completed": 53, "judge_scored": 53, "runtime_failed": 11, "elapsed_seconds": 83.90083479881287}
{"status": "running", "runtime_completed": 72, "judge_completed": 55, "judge_scored": 55, "runtime_failed": 11, "elapsed_seconds": 88.90195441246033}
{"status": "running", "runtime_completed": 72, "judge_completed": 58, "judge_scored": 58, "runtime_failed": 11, "elapsed_seconds": 93.91091108322144}
{"status": "running", "runtime_completed": 72, "judge_completed": 59, "judge_scored": 59, "runtime_failed": 11, "elapsed_seconds": 98.91688275337219}
{"status": "running", "runtime_completed": 72, "judge_completed": 61, "judge_scored": 61, "runtime_failed": 11, "elapsed_seconds": 103.91775107383728}
{"status": "running", "runtime_completed": 72, "judge_completed": 66, "judge_scored": 66, "runtime_failed": 11, "elapsed_seconds": 108.91936302185059}
{"status": "running", "runtime_completed": 72, "judge_completed": 67, "judge_scored": 67, "runtime_failed": 11, "elapsed_seconds": 113.92073822021484}
{"status": "running", "runtime_completed": 72, "judge_completed": 71, "judge_scored": 71, "runtime_failed": 11, "elapsed_seconds": 118.9217221736908}
{"status": "running", "runtime_completed": 72, "judge_completed": 71, "judge_scored": 71, "runtime_failed": 11, "elapsed_seconds": 123.92265796661377}
{"status": "running", "runtime_completed": 72, "judge_completed": 71, "judge_scored": 71, "runtime_failed": 11, "elapsed_seconds": 128.9238636493683}
{
  "status": "completed",
  "pid": 29758,
  "started_at": 1789201667.4802258,
  "updated_at": 1789201801.7205422,
  "elapsed_seconds": 134.2403166294098,
  "mode": "judge_only",
  "judge_stage": "enabled",
  "inherited_runtime_results": 72,
  "new_experiment_model_calls": 0,
  "lanes": 24,
  "expected_servers": 24,
  "server_restarts": 0,
  "assigned": 72,
  "runtime_completed": 72,
  "runtime_failed": 11,
  "judge_completed": 72,
  "judge_scored": 72,
  "known_internal_tokens": 1071366,
  "known_judge_tokens": 376078,
  "active": {},
  "slots": [
    {
      "lane": 0,
      "role": "validation",
      "pid": 29882,
      "alive": false,
      "healthy": true,
      "calls": 1,
      "contexts_released": 2
    },
    {
      "lane": 1,
      "role": "validation",
      "pid": 29885,
      "alive": false,
      "healthy": true,
      "calls": 2,
      "contexts_released": 3
    },
    {
      "lane": 2,
      "role": "validation",
      "pid": 29864,
      "alive": false,
      "healthy": true,
      "calls": 6,
      "contexts_released": 7
    },
    {
      "lane": 3,
      "role": "validation",
      "pid": 29877,
      "alive": false,
      "healthy": true,
      "calls": 6,
      "contexts_released": 7
    },
    {
      "lane": 4,
      "role": "validation",
      "pid": 29862,
      "alive": false,
      "healthy": true,
      "calls": 1,
      "contexts_released": 2
    },
    {
      "lane": 5,
      "role": "validation",
      "pid": 29860,
      "alive": false,
      "healthy": true,
      "calls": 6,
      "contexts_released": 7
    },
    {
      "lane": 6,
      "role": "validation",
      "pid": 29859,
      "alive": false,
      "healthy": true,
      "calls": 3,
      "contexts_released": 4
    },
    {
      "lane": 7,
      "role": "validation",
      "pid": 29867,
      "alive": false,
      "healthy": true,
      "calls": 2,
      "contexts_released": 3
    },
    {
      "lane": 8,
      "role": "validation",
      "pid": 30051,
      "alive": false,
      "healthy": true,
      "calls": 1,
      "contexts_released": 2
    },
    {
      "lane": 9,
      "role": "validation",
      "pid": 30053,
      "alive": false,
      "healthy": true,
      "calls": 5,
      "contexts_released": 6
    },
    {
      "lane": 10,
      "role": "validation",
      "pid": 30073,
      "alive": false,
      "healthy": true,
      "calls": 3,
      "contexts_released": 4
    },
    {
      "lane": 11,
      "role": "validation",
      "pid": 30116,
      "alive": false,
      "healthy": true,
      "calls": 4,
      "contexts_released": 5
    },
    {
      "lane": 12,
      "role": "validation",
      "pid": 30128,
      "alive": false,
      "healthy": true,
      "calls": 3,
      "contexts_released": 4
    },
    {
      "lane": 13,
      "role": "validation",
      "pid": 30167,
      "alive": false,
      "healthy": true,
      "calls": 1,
      "contexts_released": 2
    },
    {
      "lane": 14,
      "role": "validation",
      "pid": 30170,
      "alive": false,
      "healthy": true,
      "calls": 2,
      "contexts_released": 3
    },
    {
      "lane": 15,
      "role": "validation",
      "pid": 30175,
      "alive": false,
      "healthy": true,
      "calls": 4,
      "contexts_released": 5
    },
    {
      "lane": 16,
      "role": "validation",
      "pid": 30293,
      "alive": false,
      "healthy": true,
      "calls": 4,
      "contexts_released": 5
    },
    {
      "lane": 17,
      "role": "validation",
      "pid": 30295,
      "alive": false,
      "healthy": true,
      "calls": 3,
      "contexts_released": 4
    },
    {
      "lane": 18,
      "role": "validation",
      "pid": 30325,
      "alive": false,
      "healthy": true,
      "calls": 1,
      "contexts_released": 2
    },
    {
      "lane": 19,
      "role": "validation",
      "pid": 30347,
      "alive": false,
      "healthy": true,
      "calls": 2,
      "contexts_released": 3
    },
    {
      "lane": 20,
      "role": "validation",
      "pid": 30376,
      "alive": false,
      "healthy": true,
      "calls": 5,
      "contexts_released": 6
    },
    {
      "lane": 21,
      "role": "validation",
      "pid": 30391,
      "alive": false,
      "healthy": true,
      "calls": 1,
      "contexts_released": 2
    },
    {
      "lane": 22,
      "role": "validation",
      "pid": 30416,
      "alive": false,
      "healthy": true,
      "calls": 5,
      "contexts_released": 6
    },
    {
      "lane": 23,
      "role": "validation",
      "pid": 30444,
      "alive": false,
      "healthy": true,
      "calls": 1,
      "contexts_released": 2
    }
  ],
  "stop_reason": null
}
