{
  "status": "failed",
  "pid": 4111,
  "started_at": 1789197793.870575,
  "updated_at": 1789197865.252977,
  "elapsed_seconds": 71.38240218162537,
  "lanes": 24,
  "expected_servers": 48,
  "server_restarts": 0,
  "assigned": 72,
  "runtime_completed": 0,
  "runtime_failed": 0,
  "judge_completed": 0,
  "judge_scored": 0,
  "known_internal_tokens": 0,
  "known_judge_tokens": 0,
  "active": {},
  "slots": [
    {
      "lane": 0,
      "role": "experiment",
      "pid": 4221,
      "alive": false,
      "healthy": true,
      "calls": 0,
      "contexts_released": 1
    },
    {
      "lane": 1,
      "role": "experiment",
      "pid": 4219,
      "alive": false,
      "healthy": true,
      "calls": 0,
      "contexts_released": 1
    },
    {
      "lane": 2,
      "role": "experiment",
      "pid": 4214,
      "alive": false,
      "healthy": true,
      "calls": 0,
      "contexts_released": 1
    },
    {
      "lane": 3,
      "role": "experiment",
      "pid": 4222,
      "alive": false,
      "healthy": true,
      "calls": 0,
      "contexts_released": 1
    },
    {
      "lane": 4,
      "role": "experiment",
      "pid": 4225,
      "alive": false,
      "healthy": true,
      "calls": 0,
      "contexts_released": 1
    },
    {
      "lane": 5,
      "role": "experiment",
      "pid": 4226,
      "alive": false,
      "healthy": true,
      "calls": 0,
      "contexts_released": 1
    },
    {
      "lane": 6,
      "role": "experiment",
      "pid": 4231,
      "alive": false,
      "healthy": true,
      "calls": 0,
      "contexts_released": 1
    },
    {
      "lane": 7,
      "role": "experiment",
      "pid": 4212,
      "alive": false,
      "healthy": true,
      "calls": 0,
      "contexts_released": 1
    },
    {
      "lane": 8,
      "role": "experiment",
      "pid": 4490,
      "alive": false,
      "healthy": true,
      "calls": 0,
      "contexts_released": 1
    },
    {
      "lane": 9,
      "role": "experiment",
      "pid": 4485,
      "alive": false,
      "healthy": true,
      "calls": 0,
      "contexts_released": 1
    },
    {
      "lane": 10,
      "role": "experiment",
      "pid": 4501,
      "alive": false,
      "healthy": true,
      "calls": 0,
      "contexts_released": 1
    },
    {
      "lane": 11,
      "role": "experiment",
      "pid": 4509,
      "alive": false,
      "healthy": true,
      "calls": 0,
      "contexts_released": 1
    },
    {
      "lane": 12,
      "role": "experiment",
      "pid": 4547,
      "alive": false,
      "healthy": true,
      "calls": 0,
      "contexts_released": 1
    },
    {
      "lane": 13,
      "role": "experiment",
      "pid": 4548,
      "alive": false,
      "healthy": true,
      "calls": 0,
      "contexts_released": 1
    },
    {
      "lane": 14,
      "role": "experiment",
      "pid": 4553,
      "alive": false,
      "healthy": true,
      "calls": 0,
      "contexts_released": 1
    },
    {
      "lane": 15,
      "role": "experiment",
      "pid": 4550,
      "alive": false,
      "healthy": true,
      "calls": 0,
      "contexts_released": 1
    },
    {
      "lane": 16,
      "role": "experiment",
      "pid": 4703,
      "alive": false,
      "healthy": true,
      "calls": 0,
      "contexts_released": 1
    },
    {
      "lane": 17,
      "role": "experiment",
      "pid": 4705,
      "alive": false,
      "healthy": true,
      "calls": 0,
      "contexts_released": 1
    },
    {
      "lane": 18,
      "role": "experiment",
      "pid": 4707,
      "alive": false,
      "healthy": true,
      "calls": 0,
      "contexts_released": 1
    },
    {
      "lane": 19,
      "role": "experiment",
      "pid": 4709,
      "alive": false,
      "healthy": true,
      "calls": 0,
      "contexts_released": 1
    },
    {
      "lane": 20,
      "role": "experiment",
      "pid": 4754,
      "alive": false,
      "healthy": true,
      "calls": 0,
      "contexts_released": 1
    },
    {
      "lane": 21,
      "role": "experiment",
      "pid": 4767,
      "alive": false,
      "healthy": true,
      "calls": 0,
      "contexts_released": 1
    },
    {
      "lane": 22,
      "role": "experiment",
      "pid": 4788,
      "alive": false,
      "healthy": true,
      "calls": 0,
      "contexts_released": 1
    },
    {
      "lane": 23,
      "role": "experiment",
      "pid": 4821,
      "alive": false,
      "healthy": true,
      "calls": 0,
      "contexts_released": 1
    },
    {
      "lane": 0,
      "role": "validation",
      "pid": 4958,
      "alive": false,
      "healthy": true,
      "calls": 0,
      "contexts_released": 1
    },
    {
      "lane": 1,
      "role": "validation",
      "pid": 4982,
      "alive": false,
      "healthy": true,
      "calls": 0,
      "contexts_released": 1
    },
    {
      "lane": 2,
      "role": "validation",
      "pid": 5006,
      "alive": false,
      "healthy": true,
      "calls": 0,
      "contexts_released": 1
    },
    {
      "lane": 3,
      "role": "validation",
      "pid": 5023,
      "alive": false,
      "healthy": true,
      "calls": 0,
      "contexts_released": 1
    },
    {
      "lane": 4,
      "role": "validation",
      "pid": 5049,
      "alive": false,
      "healthy": true,
      "calls": 0,
      "contexts_released": 1
    },
    {
      "lane": 5,
      "role": "validation",
      "pid": 5074,
      "alive": false,
      "healthy": true,
      "calls": 0,
      "contexts_released": 1
    },
    {
      "lane": 6,
      "role": "validation",
      "pid": 5110,
      "alive": false,
      "healthy": true,
      "calls": 0,
      "contexts_released": 1
    },
    {
      "lane": 7,
      "role": "validation",
      "pid": 5111,
      "alive": false,
      "healthy": true,
      "calls": 0,
      "contexts_released": 1
    },
    {
      "lane": 8,
      "role": "validation",
      "pid": 5200,
      "alive": false,
      "healthy": true,
      "calls": 0,
      "contexts_released": 1
    },
    {
      "lane": 9,
      "role": "validation",
      "pid": 5233,
      "alive": false,
      "healthy": true,
      "calls": 0,
      "contexts_released": 1
    },
    {
      "lane": 10,
      "role": "validation",
      "pid": 5253,
      "alive": false,
      "healthy": true,
      "calls": 0,
      "contexts_released": 1
    },
    {
      "lane": 11,
      "role": "validation",
      "pid": 5282,
      "alive": false,
      "healthy": true,
      "calls": 0,
      "contexts_released": 1
    },
    {
      "lane": 12,
      "role": "validation",
      "pid": 5307,
      "alive": false,
      "healthy": true,
      "calls": 0,
      "contexts_released": 1
    },
    {
      "lane": 13,
      "role": "validation",
      "pid": 5337,
      "alive": false,
      "healthy": true,
      "calls": 0,
      "contexts_released": 1
    },
    {
      "lane": 14,
      "role": "validation",
      "pid": 5356,
      "alive": false,
      "healthy": true,
      "calls": 0,
      "contexts_released": 1
    },
    {
      "lane": 15,
      "role": "validation",
      "pid": 5385,
      "alive": false,
      "healthy": true,
      "calls": 0,
      "contexts_released": 1
    },
    {
      "lane": 16,
      "role": "validation",
      "pid": 5445,
      "alive": false,
      "healthy": true,
      "calls": 0,
      "contexts_released": 1
    },
    {
      "lane": 17,
      "role": "validation",
      "pid": 5483,
      "alive": false,
      "healthy": true,
      "calls": 0,
      "contexts_released": 1
    },
    {
      "lane": 18,
      "role": "validation",
      "pid": 5489,
      "alive": false,
      "healthy": true,
      "calls": 0,
      "contexts_released": 1
    },
    {
      "lane": 19,
      "role": "validation",
      "pid": 5545,
      "alive": false,
      "healthy": true,
      "calls": 0,
      "contexts_released": 1
    },
    {
      "lane": 20,
      "role": "validation",
      "pid": 5550,
      "alive": false,
      "healthy": true,
      "calls": 0,
      "contexts_released": 1
    },
    {
      "lane": 21,
      "role": "validation",
      "pid": 5592,
      "alive": false,
      "healthy": true,
      "calls": 0,
      "contexts_released": 1
    },
    {
      "lane": 22,
      "role": "validation",
      "pid": 5614,
      "alive": false,
      "healthy": true,
      "calls": 0,
      "contexts_released": 1
    },
    {
      "lane": 23,
      "role": "validation",
      "pid": 5624,
      "alive": false,
      "healthy": true,
      "calls": 0,
      "contexts_released": 1
    }
  ],
  "stop_reason": "fixed models missing from server catalog: gpt-6"
}
