{"status": "running", "runtime_completed": 3, "judge_completed": 0, "judge_scored": 0, "runtime_failed": 0, "elapsed_seconds": 69.4278450012207}
{"status": "running", "runtime_completed": 3, "judge_completed": 0, "judge_scored": 0, "runtime_failed": 0, "elapsed_seconds": 74.43093299865723}
{"status": "running", "runtime_completed": 4, "judge_completed": 0, "judge_scored": 0, "runtime_failed": 0, "elapsed_seconds": 79.43192768096924}
{"status": "running", "runtime_completed": 4, "judge_completed": 1, "judge_scored": 1, "runtime_failed": 0, "elapsed_seconds": 84.43319487571716}
{"status": "running", "runtime_completed": 4, "judge_completed": 2, "judge_scored": 2, "runtime_failed": 0, "elapsed_seconds": 89.43437218666077}
{"status": "running", "runtime_completed": 5, "judge_completed": 3, "judge_scored": 3, "runtime_failed": 0, "elapsed_seconds": 94.43549990653992}
{"status": "running", "runtime_completed": 7, "judge_completed": 4, "judge_scored": 4, "runtime_failed": 0, "elapsed_seconds": 99.4366774559021}
{"status": "running", "runtime_completed": 7, "judge_completed": 5, "judge_scored": 5, "runtime_failed": 0, "elapsed_seconds": 104.43780422210693}
{"status": "running", "runtime_completed": 9, "judge_completed": 6, "judge_scored": 6, "runtime_failed": 0, "elapsed_seconds": 109.43857479095459}
{"status": "running", "runtime_completed": 9, "judge_completed": 7, "judge_scored": 7, "runtime_failed": 0, "elapsed_seconds": 114.43948817253113}
{"status": "running", "runtime_completed": 10, "judge_completed": 9, "judge_scored": 9, "runtime_failed": 0, "elapsed_seconds": 119.4411289691925}
{"status": "running", "runtime_completed": 10, "judge_completed": 9, "judge_scored": 9, "runtime_failed": 0, "elapsed_seconds": 124.44220900535583}
{"status": "running", "runtime_completed": 10, "judge_completed": 9, "judge_scored": 9, "runtime_failed": 0, "elapsed_seconds": 129.4433994293213}
{"status": "running", "runtime_completed": 11, "judge_completed": 10, "judge_scored": 10, "runtime_failed": 0, "elapsed_seconds": 134.4446315765381}
{"status": "running", "runtime_completed": 11, "judge_completed": 10, "judge_scored": 10, "runtime_failed": 0, "elapsed_seconds": 139.4455816745758}
{"status": "running", "runtime_completed": 11, "judge_completed": 10, "judge_scored": 10, "runtime_failed": 0, "elapsed_seconds": 144.44632649421692}
{"status": "running", "runtime_completed": 11, "judge_completed": 11, "judge_scored": 11, "runtime_failed": 0, "elapsed_seconds": 149.44724202156067}
{"status": "running", "runtime_completed": 11, "judge_completed": 11, "judge_scored": 11, "runtime_failed": 0, "elapsed_seconds": 154.44842672348022}
{"status": "running", "runtime_completed": 11, "judge_completed": 11, "judge_scored": 11, "runtime_failed": 0, "elapsed_seconds": 159.44958090782166}
{"status": "running", "runtime_completed": 11, "judge_completed": 11, "judge_scored": 11, "runtime_failed": 0, "elapsed_seconds": 164.45088481903076}
{"status": "running", "runtime_completed": 11, "judge_completed": 11, "judge_scored": 11, "runtime_failed": 0, "elapsed_seconds": 169.4521086215973}
{"status": "running", "runtime_completed": 11, "judge_completed": 11, "judge_scored": 11, "runtime_failed": 0, "elapsed_seconds": 174.45323610305786}
{"status": "running", "runtime_completed": 11, "judge_completed": 11, "judge_scored": 11, "runtime_failed": 0, "elapsed_seconds": 179.45420026779175}
{"status": "running", "runtime_completed": 12, "judge_completed": 11, "judge_scored": 11, "runtime_failed": 0, "elapsed_seconds": 184.4553883075714}
{"status": "running", "runtime_completed": 13, "judge_completed": 11, "judge_scored": 11, "runtime_failed": 0, "elapsed_seconds": 189.45664143562317}
{"status": "running", "runtime_completed": 14, "judge_completed": 12, "judge_scored": 12, "runtime_failed": 0, "elapsed_seconds": 194.4578573703766}
{"status": "running", "runtime_completed": 14, "judge_completed": 13, "judge_scored": 13, "runtime_failed": 0, "elapsed_seconds": 199.45903873443604}
{"status": "running", "runtime_completed": 15, "judge_completed": 13, "judge_scored": 13, "runtime_failed": 0, "elapsed_seconds": 204.46008777618408}
{"status": "running", "runtime_completed": 15, "judge_completed": 14, "judge_scored": 14, "runtime_failed": 0, "elapsed_seconds": 209.461035490036}
{"status": "running", "runtime_completed": 15, "judge_completed": 14, "judge_scored": 14, "runtime_failed": 0, "elapsed_seconds": 214.46205353736877}
{"status": "running", "runtime_completed": 15, "judge_completed": 15, "judge_scored": 15, "runtime_failed": 0, "elapsed_seconds": 219.46345806121826}
{"status": "running", "runtime_completed": 15, "judge_completed": 15, "judge_scored": 15, "runtime_failed": 0, "elapsed_seconds": 224.46469116210938}
{"status": "running", "runtime_completed": 15, "judge_completed": 15, "judge_scored": 15, "runtime_failed": 0, "elapsed_seconds": 229.46596670150757}
{"status": "running", "runtime_completed": 15, "judge_completed": 15, "judge_scored": 15, "runtime_failed": 0, "elapsed_seconds": 234.46719789505005}
{"status": "running", "runtime_completed": 16, "judge_completed": 15, "judge_scored": 15, "runtime_failed": 0, "elapsed_seconds": 239.46844339370728}
{"status": "running", "runtime_completed": 16, "judge_completed": 15, "judge_scored": 15, "runtime_failed": 0, "elapsed_seconds": 244.46948385238647}
{"status": "running", "runtime_completed": 16, "judge_completed": 16, "judge_scored": 16, "runtime_failed": 0, "elapsed_seconds": 249.47031092643738}
{"status": "running", "runtime_completed": 16, "judge_completed": 16, "judge_scored": 16, "runtime_failed": 0, "elapsed_seconds": 254.47139739990234}
{"status": "running", "runtime_completed": 16, "judge_completed": 16, "judge_scored": 16, "runtime_failed": 0, "elapsed_seconds": 259.4722228050232}
{"status": "running", "runtime_completed": 16, "judge_completed": 16, "judge_scored": 16, "runtime_failed": 0, "elapsed_seconds": 264.4735028743744}
{"status": "running", "runtime_completed": 16, "judge_completed": 16, "judge_scored": 16, "runtime_failed": 0, "elapsed_seconds": 269.474769115448}
{"status": "running", "runtime_completed": 16, "judge_completed": 16, "judge_scored": 16, "runtime_failed": 0, "elapsed_seconds": 274.47578263282776}
{"status": "running", "runtime_completed": 16, "judge_completed": 16, "judge_scored": 16, "runtime_failed": 0, "elapsed_seconds": 279.4768991470337}
{"status": "running", "runtime_completed": 16, "judge_completed": 16, "judge_scored": 16, "runtime_failed": 0, "elapsed_seconds": 284.4779782295227}
{"status": "running", "runtime_completed": 16, "judge_completed": 16, "judge_scored": 16, "runtime_failed": 0, "elapsed_seconds": 289.478883266449}
{"status": "running", "runtime_completed": 16, "judge_completed": 16, "judge_scored": 16, "runtime_failed": 0, "elapsed_seconds": 294.4799327850342}
{"status": "running", "runtime_completed": 16, "judge_completed": 16, "judge_scored": 16, "runtime_failed": 0, "elapsed_seconds": 299.48116660118103}
{"status": "running", "runtime_completed": 16, "judge_completed": 16, "judge_scored": 16, "runtime_failed": 0, "elapsed_seconds": 304.48232984542847}
{"status": "running", "runtime_completed": 16, "judge_completed": 16, "judge_scored": 16, "runtime_failed": 0, "elapsed_seconds": 309.4835293292999}
{"status": "running", "runtime_completed": 16, "judge_completed": 16, "judge_scored": 16, "runtime_failed": 0, "elapsed_seconds": 314.4849896430969}
{"status": "running", "runtime_completed": 16, "judge_completed": 16, "judge_scored": 16, "runtime_failed": 0, "elapsed_seconds": 319.4862012863159}
{"status": "running", "runtime_completed": 16, "judge_completed": 16, "judge_scored": 16, "runtime_failed": 0, "elapsed_seconds": 324.4873299598694}
{"status": "running", "runtime_completed": 16, "judge_completed": 16, "judge_scored": 16, "runtime_failed": 0, "elapsed_seconds": 329.4882433414459}
{"status": "running", "runtime_completed": 16, "judge_completed": 16, "judge_scored": 16, "runtime_failed": 0, "elapsed_seconds": 334.48943305015564}
{"status": "running", "runtime_completed": 16, "judge_completed": 16, "judge_scored": 16, "runtime_failed": 0, "elapsed_seconds": 339.4903802871704}
{"status": "running", "runtime_completed": 16, "judge_completed": 16, "judge_scored": 16, "runtime_failed": 0, "elapsed_seconds": 344.4913740158081}
{"status": "running", "runtime_completed": 16, "judge_completed": 16, "judge_scored": 16, "runtime_failed": 0, "elapsed_seconds": 349.4927463531494}
{"status": "running", "runtime_completed": 16, "judge_completed": 16, "judge_scored": 16, "runtime_failed": 0, "elapsed_seconds": 354.49372696876526}
{"status": "running", "runtime_completed": 16, "judge_completed": 16, "judge_scored": 16, "runtime_failed": 0, "elapsed_seconds": 359.49501156806946}
{"status": "running", "runtime_completed": 16, "judge_completed": 16, "judge_scored": 16, "runtime_failed": 0, "elapsed_seconds": 364.49619030952454}
{"status": "running", "runtime_completed": 16, "judge_completed": 16, "judge_scored": 16, "runtime_failed": 0, "elapsed_seconds": 369.49748277664185}
{"status": "running", "runtime_completed": 16, "judge_completed": 16, "judge_scored": 16, "runtime_failed": 0, "elapsed_seconds": 374.49859404563904}
{"status": "running", "runtime_completed": 16, "judge_completed": 16, "judge_scored": 16, "runtime_failed": 0, "elapsed_seconds": 379.50020933151245}
{"status": "running", "runtime_completed": 17, "judge_completed": 16, "judge_scored": 16, "runtime_failed": 0, "elapsed_seconds": 384.5011854171753}
{"status": "running", "runtime_completed": 17, "judge_completed": 16, "judge_scored": 16, "runtime_failed": 0, "elapsed_seconds": 389.5021460056305}
{"status": "running", "runtime_completed": 17, "judge_completed": 16, "judge_scored": 16, "runtime_failed": 0, "elapsed_seconds": 394.50335931777954}
{"status": "running", "runtime_completed": 17, "judge_completed": 16, "judge_scored": 16, "runtime_failed": 0, "elapsed_seconds": 399.5047492980957}
{"status": "running", "runtime_completed": 17, "judge_completed": 16, "judge_scored": 16, "runtime_failed": 0, "elapsed_seconds": 404.5062880516052}
{"status": "running", "runtime_completed": 18, "judge_completed": 17, "judge_scored": 17, "runtime_failed": 0, "elapsed_seconds": 409.5078954696655}
{"status": "running", "runtime_completed": 18, "judge_completed": 17, "judge_scored": 17, "runtime_failed": 0, "elapsed_seconds": 414.50939536094666}
{"status": "running", "runtime_completed": 18, "judge_completed": 17, "judge_scored": 17, "runtime_failed": 0, "elapsed_seconds": 419.51072120666504}
{"status": "running", "runtime_completed": 18, "judge_completed": 17, "judge_scored": 17, "runtime_failed": 0, "elapsed_seconds": 424.51184606552124}
{"status": "running", "runtime_completed": 18, "judge_completed": 17, "judge_scored": 17, "runtime_failed": 0, "elapsed_seconds": 429.5138261318207}
{
  "status": "completed",
  "pid": 20044,
  "started_at": 1789205597.7968774,
  "updated_at": 1789206032.5288022,
  "elapsed_seconds": 434.73192501068115,
  "mode": "pipeline",
  "judge_stage": "enabled",
  "inherited_runtime_results": 0,
  "new_experiment_model_calls": 77,
  "lanes": 24,
  "expected_servers": 48,
  "server_restarts": 0,
  "assigned": 18,
  "runtime_completed": 18,
  "runtime_failed": 0,
  "judge_completed": 18,
  "judge_scored": 18,
  "known_internal_tokens": 401336,
  "known_judge_tokens": 95982,
  "active": {},
  "slots": [
    {
      "lane": 0,
      "role": "experiment",
      "pid": 20146,
      "alive": false,
      "healthy": true,
      "calls": 14,
      "contexts_released": 15
    },
    {
      "lane": 1,
      "role": "experiment",
      "pid": 20150,
      "alive": false,
      "healthy": true,
      "calls": 14,
      "contexts_released": 15
    },
    {
      "lane": 2,
      "role": "experiment",
      "pid": 20147,
      "alive": false,
      "healthy": true,
      "calls": 4,
      "contexts_released": 5
    },
    {
      "lane": 3,
      "role": "experiment",
      "pid": 20148,
      "alive": false,
      "healthy": true,
      "calls": 4,
      "contexts_released": 5
    },
    {
      "lane": 4,
      "role": "experiment",
      "pid": 20154,
      "alive": false,
      "healthy": true,
      "calls": 1,
      "contexts_released": 2
    },
    {
      "lane": 5,
      "role": "experiment",
      "pid": 20160,
      "alive": false,
      "healthy": true,
      "calls": 0,
      "contexts_released": 1
    },
    {
      "lane": 6,
      "role": "experiment",
      "pid": 20162,
      "alive": false,
      "healthy": true,
      "calls": 3,
      "contexts_released": 4
    },
    {
      "lane": 7,
      "role": "experiment",
      "pid": 20163,
      "alive": false,
      "healthy": true,
      "calls": 16,
      "contexts_released": 17
    },
    {
      "lane": 8,
      "role": "experiment",
      "pid": 20380,
      "alive": false,
      "healthy": true,
      "calls": 1,
      "contexts_released": 2
    },
    {
      "lane": 9,
      "role": "experiment",
      "pid": 20382,
      "alive": false,
      "healthy": true,
      "calls": 3,
      "contexts_released": 4
    },
    {
      "lane": 10,
      "role": "experiment",
      "pid": 20424,
      "alive": false,
      "healthy": true,
      "calls": 3,
      "contexts_released": 4
    },
    {
      "lane": 11,
      "role": "experiment",
      "pid": 20427,
      "alive": false,
      "healthy": true,
      "calls": 3,
      "contexts_released": 4
    },
    {
      "lane": 12,
      "role": "experiment",
      "pid": 20466,
      "alive": false,
      "healthy": true,
      "calls": 3,
      "contexts_released": 4
    },
    {
      "lane": 13,
      "role": "experiment",
      "pid": 20480,
      "alive": false,
      "healthy": true,
      "calls": 0,
      "contexts_released": 1
    },
    {
      "lane": 14,
      "role": "experiment",
      "pid": 20529,
      "alive": false,
      "healthy": true,
      "calls": 0,
      "contexts_released": 1
    },
    {
      "lane": 15,
      "role": "experiment",
      "pid": 20531,
      "alive": false,
      "healthy": true,
      "calls": 1,
      "contexts_released": 2
    },
    {
      "lane": 16,
      "role": "experiment",
      "pid": 20660,
      "alive": false,
      "healthy": true,
      "calls": 4,
      "contexts_released": 5
    },
    {
      "lane": 17,
      "role": "experiment",
      "pid": 20667,
      "alive": false,
      "healthy": true,
      "calls": 3,
      "contexts_released": 4
    },
    {
      "lane": 18,
      "role": "experiment",
      "pid": 20692,
      "alive": false,
      "healthy": true,
      "calls": 0,
      "contexts_released": 1
    },
    {
      "lane": 19,
      "role": "experiment",
      "pid": 20703,
      "alive": false,
      "healthy": true,
      "calls": 0,
      "contexts_released": 1
    },
    {
      "lane": 20,
      "role": "experiment",
      "pid": 20721,
      "alive": false,
      "healthy": true,
      "calls": 0,
      "contexts_released": 1
    },
    {
      "lane": 21,
      "role": "experiment",
      "pid": 20747,
      "alive": false,
      "healthy": true,
      "calls": 0,
      "contexts_released": 1
    },
    {
      "lane": 22,
      "role": "experiment",
      "pid": 20782,
      "alive": false,
      "healthy": true,
      "calls": 0,
      "contexts_released": 1
    },
    {
      "lane": 23,
      "role": "experiment",
      "pid": 20817,
      "alive": false,
      "healthy": true,
      "calls": 0,
      "contexts_released": 1
    },
    {
      "lane": 0,
      "role": "validation",
      "pid": 20954,
      "alive": false,
      "healthy": true,
      "calls": 1,
      "contexts_released": 2
    },
    {
      "lane": 1,
      "role": "validation",
      "pid": 20957,
      "alive": false,
      "healthy": true,
      "calls": 1,
      "contexts_released": 2
    },
    {
      "lane": 2,
      "role": "validation",
      "pid": 20956,
      "alive": false,
      "healthy": true,
      "calls": 1,
      "contexts_released": 2
    },
    {
      "lane": 3,
      "role": "validation",
      "pid": 20968,
      "alive": false,
      "healthy": true,
      "calls": 1,
      "contexts_released": 2
    },
    {
      "lane": 4,
      "role": "validation",
      "pid": 20984,
      "alive": false,
      "healthy": true,
      "calls": 1,
      "contexts_released": 2
    },
    {
      "lane": 5,
      "role": "validation",
      "pid": 21030,
      "alive": false,
      "healthy": true,
      "calls": 1,
      "contexts_released": 2
    },
    {
      "lane": 6,
      "role": "validation",
      "pid": 21054,
      "alive": false,
      "healthy": true,
      "calls": 1,
      "contexts_released": 2
    },
    {
      "lane": 7,
      "role": "validation",
      "pid": 21079,
      "alive": false,
      "healthy": true,
      "calls": 1,
      "contexts_released": 2
    },
    {
      "lane": 8,
      "role": "validation",
      "pid": 21206,
      "alive": false,
      "healthy": true,
      "calls": 1,
      "contexts_released": 2
    },
    {
      "lane": 9,
      "role": "validation",
      "pid": 21204,
      "alive": false,
      "healthy": true,
      "calls": 1,
      "contexts_released": 2
    },
    {
      "lane": 10,
      "role": "validation",
      "pid": 21208,
      "alive": false,
      "healthy": true,
      "calls": 1,
      "contexts_released": 2
    },
    {
      "lane": 11,
      "role": "validation",
      "pid": 21235,
      "alive": false,
      "healthy": true,
      "calls": 1,
      "contexts_released": 2
    },
    {
      "lane": 12,
      "role": "validation",
      "pid": 21272,
      "alive": false,
      "healthy": true,
      "calls": 1,
      "contexts_released": 2
    },
    {
      "lane": 13,
      "role": "validation",
      "pid": 21293,
      "alive": false,
      "healthy": true,
      "calls": 1,
      "contexts_released": 2
    },
    {
      "lane": 14,
      "role": "validation",
      "pid": 21316,
      "alive": false,
      "healthy": true,
      "calls": 1,
      "contexts_released": 2
    },
    {
      "lane": 15,
      "role": "validation",
      "pid": 21342,
      "alive": false,
      "healthy": true,
      "calls": 1,
      "contexts_released": 2
    },
    {
      "lane": 16,
      "role": "validation",
      "pid": 21444,
      "alive": false,
      "healthy": true,
      "calls": 1,
      "contexts_released": 2
    },
    {
      "lane": 17,
      "role": "validation",
      "pid": 21464,
      "alive": false,
      "healthy": true,
      "calls": 1,
      "contexts_released": 2
    },
    {
      "lane": 18,
      "role": "validation",
      "pid": 21466,
      "alive": false,
      "healthy": true,
      "calls": 0,
      "contexts_released": 1
    },
    {
      "lane": 19,
      "role": "validation",
      "pid": 21505,
      "alive": false,
      "healthy": true,
      "calls": 0,
      "contexts_released": 1
    },
    {
      "lane": 20,
      "role": "validation",
      "pid": 21545,
      "alive": false,
      "healthy": true,
      "calls": 0,
      "contexts_released": 1
    },
    {
      "lane": 21,
      "role": "validation",
      "pid": 21576,
      "alive": false,
      "healthy": true,
      "calls": 0,
      "contexts_released": 1
    },
    {
      "lane": 22,
      "role": "validation",
      "pid": 21578,
      "alive": false,
      "healthy": true,
      "calls": 0,
      "contexts_released": 1
    },
    {
      "lane": 23,
      "role": "validation",
      "pid": 21595,
      "alive": false,
      "healthy": true,
      "calls": 0,
      "contexts_released": 1
    }
  ],
  "stop_reason": null
}
